 AS V1.42 Beta [Bld 269] - Source File bootcf89.asm - Page 1 - 2024-05-24 03:23:02 PM


    1/   0 :                            ; H89 CF Card Boot ROM - Disassembled from binary
    2/   0 :                            ;
    3/   0 :                            ; See http://koyado.com/heathkit/New-H8-Website/h89-cf-serial-parallel-rtc.html
    4/   0 :                            
    5/   0 :                            ; Constants
    6/   0 :                            
    7/   0 : =0DH                       CR      EQU     0DH             ; Carriage Return
    8/   0 : =0AH                       LF      EQU     0AH             ; Line Feed
    9/   0 : =7H                        BELL    EQU     07H             ; Bell
   10/   0 :                            
   11/   0 :                            ; External ROM routines
   12/   0 :                            
   13/   0 : =18AAH                     DMOVE   EQU    18AAH            ; Move data routine
   14/   0 : =198AH                     DZERO   EQU    198AH            ; Zero RAM routine
   15/   0 : =640H                      IOA     EQU    0640H            ; Input octal address
   16/   0 : =3B2H                      RCC     EQU    03B2H            ; Read console character
   17/   0 : =3C2H                      WCC     EQU    03C2H            ; Write console character
   18/   0 :                            
   19/   0 : =2036H                     DATA    EQU    2036H            ; Output 362Q data save area (40.066)
   20/   0 :                            
   21/   0 :                            ; RAM usage
   22/   0 :                            
   23/   0 : =2C80H                     VARS    EQU     2C80H           ; Variables stored here
   24/   0 :                            
   25/1000 :                                    ORG     1000H
   26/1000 :                            
   27/1000 :                            ; Entry point
   28/1000 :                            
   29/1000 : F3                                 DI                      ; Disable interrupts
   30/1001 : 31 7F 22                           LXI     SP,227FH        ; Set stack
   31/1004 : 01 00 04                           LXI     B,0400H         ; Set count for DMOVE
   32/1007 : 11 9B 10                           LXI     D,L5            ; Set source address for DMOVE
   33/100A : 21 92 30                           LXI     H,3092H         ; Set destination address for DMOVE
   34/100D : CD AA 18                           CALL    DMOVE           ; Call move routine
   35/1010 : 21 80 2C                           LXI     H,VARS          ; Set address for DZERO
   36/1013 : 06 13                              MVI     B,13H           ; Set length for DZERO
   37/1015 : CD 8A 19                           CALL    DZERO           ; Call zero routine
   38/1018 : FB                                 EI                      ; Enable interrupts
   39/1019 : 3E D4                              MVI     A,0D4H
   40/101B : 32 83 2C                           STA     VARS+3
   41/101E : CD AB 32                           CALL    32ABH           ; Jump to code that was moved to RAM (L25)
   42/1021 : 21 45 10                           LXI     H,MSG1          ; Address of message to display
   43/1024 : CD 40 06                           CALL    IOA             ; Input octal address from user (drive number to boot from)
   44/1027 : F3                         L3      DI                      ; Disable interrupts
   45/1028 : CD B2 03                           CALL    RCC             ; Read character from console
   46/102B : FB                                 EI                      ; Enable interrupts
   47/102C : FE 0D                              CPI     CR              ; Is it <Return>?
   48/102E : C2 33 10                           JNZ     L1              ; Branch if not
   49/1031 : 3E 30                              MVI     A,'0'           ; Otherwise default to drive 0
   50/1033 : FE 30                      L1      CPI     '0'
   51/1035 : DA 3D 10                           JC      L2              ; Branch if less than '0'
   52/1038 : FE 37                              CPI     '7'
   53/103A : DA 69 10                           JC      L4              ; Branch if less than '7'
   54/103D : 3E 07                      L2      MVI     A,BELL          ; Invalid entry. Ring bell and try again.
   55/103F : CD C2 03                           CALL    WCC
   56/1042 : C3 27 10                           JMP     L3
   57/1045 :                            
   58/1045 : 0D 0A 42 4F 4F 54 20 43 46 MSG1    DB      CR,LF,"BOOT CF LOGICAL DRIVE (0-6)? <0> ",0
      104E : 20 4C 4F 47 49 43 41 4C 20
      1057 : 44 52 49 56 45 20 28 30 2D
 AS V1.42 Beta [Bld 269] - Source File bootcf89.asm - Page 2 - 2024-05-24 03:23:02 PM


      1060 : 36 29 3F 20 3C 30 3E 20 00
   59/1069 :                            
   60/1069 : CD C2 03                   L4      CALL    WCC             ; Echo character to console
   61/106C : E6 07                              ANI     07H             ; Convert drive number from ASCII to binary
   62/106E : 32 8B 2C                           STA     VARS+11
   63/1071 : AF                                 XRA     A
   64/1072 : 32 88 2C                           STA     VARS+8
   65/1075 : CD 2C 32                           CALL    322CH           ; L7
   66/1078 : AF                                 XRA     A
   67/1079 : CD 20 32                           CALL    3220H           ; L8
   68/107C : CD 23 32                           CALL    3223H           ; L9
   69/107F : CD 26 32                           CALL    3226H           ; L10
   70/1082 : CD 36 32                           CALL    3236H           ; L11
   71/1085 : 3E 07                              MVI     A,07H
   72/1087 : CD 4D 32                           CALL    324DH           ; L12
   73/108A : CD 61 32                   L6      CALL    3261H           ; L13
   74/108D : E6 C0                              ANI     0C0H
   75/108F : FE 40                              CPI     40H
   76/1091 : C2 8A 10                           JNZ     L6
   77/1094 : AF                                 XRA     A
   78/1095 : 32 80 2C                           STA     VARS
   79/1098 : C3 92 30                           JMP     3092H           ; L5
   80/109B :                            
   81/109B :                            ; The code below is copied to RAM at run time to address 3092H and
   82/109B :                            ; executed from there, as it uses self-modifying code.
   83/109B :                            
   84/109B : 11 92 2C                   L5      LXI     D,VARS+18
   85/109E : 21 01 00                           LXI     H,0001H
   86/10A1 : 22 84 2C                           SHLD    VARS+4
   87/10A4 : AF                                 XRA     A
   88/10A5 : 32 88 2C                           STA     VARS+8
   89/10A8 : 3A 8B 2C                           LDA     VARS+11
   90/10AB : 32 86 2C                           STA     VARS+6
   91/10AE : 3E 01                              MVI     A,01H
   92/10B0 : 32 87 2C                           STA     VARS+7
   93/10B3 : AF                                 XRA     A
   94/10B4 : 32 80 2C                           STA     VARS
   95/10B7 : CD C1 32                           CALL    32C1H           ; L14
   96/10BA : 2A B0 2C                           LHLD    VARS+48
   97/10BD : 23                                 INX     H
   98/10BE : 22 84 2C                           SHLD    VARS+4
   99/10C1 : 11 92 2C                           LXI     D,VARS+18
  100/10C4 : 3E 01                              MVI     A,01H
  101/10C6 : 32 87 2C                           STA     VARS+7
  102/10C9 : CD C1 32                           CALL    32C1H           ; L14
  103/10CC : 2A 84 2C                           LHLD    VARS+4
  104/10CF : 23                                 INX     H
  105/10D0 : 22 84 2C                           SHLD    VARS+4
  106/10D3 : 11 92 2D                   L37     LXI     D,2D92H
  107/10D6 : 3E 01                              MVI     A,01H
  108/10D8 : 32 87 2C                           STA     VARS+7
  109/10DB : CD C1 32                           CALL    32C1H           ; L14
  110/10DE : 3A 92 2C                           LDA     VARS+18
  111/10E1 : FE 48                              CPI     48H
  112/10E3 : CA AD 31                           JZ      31ADH           ; L37
  113/10E6 : FE 68                              CPI     68H
  114/10E8 : CA AD 31                           JZ      31ADH           ; L37
  115/10EB : FE 43                              CPI     43H
  116/10ED : CA 0E 31                           JZ      310EH           ; L38
  117/10F0 : FE 63                              CPI     63H
 AS V1.42 Beta [Bld 269] - Source File bootcf89.asm - Page 3 - 2024-05-24 03:23:02 PM


  118/10F2 : CA 0E 31                           JZ      310EH           ; L38
  119/10F5 : 21 F5 30                           LXI     H,30F5H
  120/10F8 : CD 40 06                           CALL    IOA
  121/10FB : C3 D2 00                           JMP     00D2H
  122/10FE :                            
  123/10FE : 55 6E 6B 6E 6F 77 6E 20 70         DB      "Unknown partition type",CR,LF,0
      1107 : 61 72 74 69 74 69 6F 6E 20
      1110 : 74 79 70 65 0D 0A 00      
  124/1117 :                            
  125/1117 : F3                         L38     DI
  126/1118 : 3E 22                              MVI     A,22H
  127/111A : 32 36 20                           STA     DATA
  128/111D : D3 F2                              OUT     0F2H
  129/111F : 32 36 20                           STA     DATA
  130/1122 : 21 00 00                           LXI     H,0000H
  131/1125 : 0E 00                              MVI     C,00H
  132/1127 : 36 00                      L26     MVI     M,00H
  133/1129 : 23                                 INX     H
  134/112A : 0D                                 DCR     C
  135/112B : C2 1E 31                           JNZ     311EH           ; L26
  136/112E : 32 0D 00                           STA     000DH
  137/1131 : 31 FF 00                           LXI     SP,00FFH
  138/1134 : 21 F1 00                           LXI     H,00F1H
  139/1137 : 22 84 2C                           SHLD    VARS+4
  140/113A : 0E 1E                              MVI     C,1EH
  141/113C : 21 80 43                           LXI     H,4380H
  142/113F : C5                         L28     PUSH    B
  143/1140 : E5                                 PUSH    H
  144/1141 : 3E 01                              MVI     A,01H
  145/1143 : 32 87 2C                           STA     VARS+7
  146/1146 : 32 80 2C                           STA     VARS
  147/1149 : 11 92 2C                           LXI     D,VARS+18
  148/114C : CD C1 32                           CALL    32C1H           ; L14
  149/114F : E1                                 POP     H
  150/1150 : C1                                 POP     B
  151/1151 : 3E 01                              MVI     A,01H
  152/1153 : B9                                 CMP     C
  153/1154 : C5                                 PUSH    B
  154/1155 : 01 80 01                           LXI     B,0180H
  155/1158 : CA 55 31                           JZ      3155H           ; L39
  156/115B : 01 00 02                           LXI     B,0200H
  157/115E : 11 92 2C                   L39     LXI     D,VARS+18
  158/1161 : 1A                         L27     LDAX    D
  159/1162 : 77                                 MOV     M,A
  160/1163 : 23                                 INX     H
  161/1164 : 13                                 INX     D
  162/1165 : 0B                                 DCX     B
  163/1166 : 79                                 MOV     A,C
  164/1167 : B0                                 ORA     B
  165/1168 : C2 58 31                           JNZ     3158H           ; L27
  166/116B : C1                                 POP     B
  167/116C : EB                                 XCHG
  168/116D : 2A 84 2C                           LHLD    VARS+4
  169/1170 : 23                                 INX     H
  170/1171 : 22 84 2C                           SHLD    VARS+4
  171/1174 : EB                                 XCHG
  172/1175 : 0D                                 DCR     C
  173/1176 : C2 36 31                           JNZ     3136H           ; L28
  174/1179 : 3A 02 5A                           LDA     5A02H
  175/117C : 3D                                 DCR     A
 AS V1.42 Beta [Bld 269] - Source File bootcf89.asm - Page 4 - 2024-05-24 03:23:02 PM


  176/117D : 67                                 MOV     H,A
  177/117E : 2E 00                              MVI     L,00H
  178/1180 : 11 00 EA                           LXI     D,0EA00H
  179/1183 : 19                                 DAD     D
  180/1184 : 11 00 44                           LXI     D,4400H
  181/1187 : 1A                         L29     LDAX    D
  182/1188 : 77                                 MOV     M,A
  183/1189 : 23                                 INX     H
  184/118A : 13                                 INX     D
  185/118B : 7D                                 MOV     A,L
  186/118C : B4                                 ORA     H
  187/118D : C2 7E 31                           JNZ     317EH           ; L29
  188/1190 : AF                                 XRA     A
  189/1191 : 32 0E 00                           STA     000EH
  190/1194 : 3E A0                              MVI     A,0A0H
  191/1196 : 32 48 00                           STA     0048H
  192/1199 : 3E 58                              MVI     A,58H
  193/119B : 32 49 00                           STA     0049H
  194/119E : 3A 02 5A                           LDA     5A02H
  195/11A1 : 3D                                 DCR     A
  196/11A2 : 67                                 MOV     H,A
  197/11A3 : 2E 00                              MVI     L,00H
  198/11A5 : 3E 03                              MVI     A,03H
  199/11A7 : 32 04 00                           STA     0004H
  200/11AA : 4F                                 MOV     C,A
  201/11AB : 3A 8B 2C                           LDA     VARS+11
  202/11AE : 47                                 MOV     B,A
  203/11AF : 3A 83 2C                           LDA     VARS+3
  204/11B2 : 22 FE 43                           SHLD    43FEH
  205/11B5 : E9                                 PCHL
  206/11B6 : 2A 97 2D                           LHLD    VARS+279
  207/11B9 : 23                                 INX     H
  208/11BA : 22 84 2C                           SHLD    VARS+4
  209/11BD : AF                                 XRA     A
  210/11BE : 32 80 2C                           STA     VARS
  211/11C1 : 0E 0A                              MVI     C,0AH
  212/11C3 : 11 80 22                           LXI     D,2280H
  213/11C6 : 3E 01                      L30     MVI     A,01H
  214/11C8 : 32 87 2C                           STA     VARS+7
  215/11CB : C5                                 PUSH    B
  216/11CC : CD C1 32                           CALL    32C1H           ; L14
  217/11CF : C1                                 POP     B
  218/11D0 : 2A 84 2C                           LHLD    VARS+4
  219/11D3 : 23                                 INX     H
  220/11D4 : 22 84 2C                           SHLD    VARS+4
  221/11D7 : 0D                                 DCR     C
  222/11D8 : C2 BD 31                           JNZ     31BDH           ; L30
  223/11DB : F3                                 DI
  224/11DC : 21 A0 20                           LXI     H,20A0H
  225/11DF : 01 1F 00                           LXI     B,001FH
  226/11E2 : CD 8A 19                           CALL    DZERO
  227/11E5 : D3 7F                              OUT     7FH
  228/11E7 : 32 1B 20                           STA     201BH
  229/11EA : 32 52 21                           STA     2152H
  230/11ED : 3C                                 INR     A
  231/11EE : 32 08 20                           STA     2008H
  232/11F1 : 21 1F 20                           LXI     H,201FH
  233/11F4 : 36 C3                      L41     MVI     M,0C3H
  234/11F6 : 23                                 INX     H
  235/11F7 : 36 17                              MVI     M,17H
 AS V1.42 Beta [Bld 269] - Source File bootcf89.asm - Page 5 - 2024-05-24 03:23:02 PM


  236/11F9 : 23                                 INX     H
  237/11FA : 36 1C                              MVI     M,1CH
  238/11FC : 23                                 INX     H
  239/11FD : 87                                 ADD     A
  240/11FE : F2 EB 31                           JP      31EBH           ; L41
  241/1201 : 01 58 00                           LXI     B,0058H
  242/1204 : 11 5A 1F                           LXI     D,1F5AH
  243/1207 : 21 48 20                           LXI     H,2048H
  244/120A : CD AA 18                           CALL    DMOVE
  245/120D : AF                                 XRA     A
  246/120E : 32 31 21                           STA     2131H
  247/1211 : 21 19 1C                           LXI     H,1C19H
  248/1214 : 22 20 20                           SHLD    2020H
  249/1217 : 21 56 21                           LXI     H,2156H
  250/121A : 06 05                              MVI     B,05H
  251/121C : CD 8A 19                           CALL    DZERO
  252/121F : FB                                 EI
  253/1220 : C3 80 22                           JMP     2280H
  254/1223 : DB D4                      L18     IN      0D4H
  255/1225 : C9                                 RET
  256/1226 : DB D5                      L20     IN      0D5H
  257/1228 : C9                                 RET
  258/1229 : D3 D4                      L8      OUT     0D4H
  259/122B : C9                                 RET
  260/122C : D3 D5                      L9      OUT     0D5H
  261/122E : C9                                 RET
  262/122F : D3 D6                      L10     OUT     0D6H
  263/1231 : C9                                 RET
  264/1232 : D3 D7                      L15     OUT     0D7H
  265/1234 : C9                                 RET
  266/1235 : 3E 92                      L7      MVI     A,92H
  267/1237 : C3 29 32                           JMP     3229H           ; L15
  268/123A : 3E 80                      L16     MVI     A,80H
  269/123C : C3 29 32                           JMP     3229H           ; L15
  270/123F : 3E 0F                      L11     MVI     A,0FH
  271/1241 : CD 29 32                           CALL    3229H           ; L15
  272/1244 : 3E 64                              MVI     A,64H
  273/1246 : 3D                         L31     DCR     A
  274/1247 : C2 3D 32                           JNZ     323DH           ; L31
  275/124A : 3E 0E                              MVI     A,0EH
  276/124C : CD 29 32                           CALL    3229H           ; L15
  277/124F : 3E C8                              MVI     A,0C8H
  278/1251 : 3D                         L32     DCR     A
  279/1252 : C2 48 32                           JNZ     3248H           ; L32
  280/1255 : C9                                 RET
  281/1256 : C3 26 32                   L12     JMP     3226H           ; L10
  282/1259 : CD 31 32                   L19     CALL    3231H           ; L16
  283/125C : 3E 06                              MVI     A,06H
  284/125E : CD 4D 32                           CALL    324DH           ; L12
  285/1261 : 3A 88 2C                           LDA     VARS+8
  286/1264 : F6 E0                              ORI     0E0H
  287/1266 : CD 7C 32                           CALL    327CH           ; L17
  288/1269 : C9                                 RET
  289/126A : 3E 07                      L13     MVI     A,07H
  290/126C : CD 29 32                           CALL    3229H           ; L15
  291/126F : 3E 0D                              MVI     A,0DH
  292/1271 : CD 29 32                           CALL    3229H           ; L15
  293/1274 : 00                                 NOP
  294/1275 : CD 1A 32                           CALL    321AH           ; L18
  295/1278 : F5                                 PUSH    PSW
 AS V1.42 Beta [Bld 269] - Source File bootcf89.asm - Page 6 - 2024-05-24 03:23:02 PM


  296/1279 : 3E 0C                              MVI     A,0CH
  297/127B : CD 29 32                           CALL    3229H           ; L15
  298/127E : 3E 06                              MVI     A,06H
  299/1280 : CD 29 32                           CALL    3229H           ; L15
  300/1283 : F1                                 POP     PSW
  301/1284 : C9                                 RET
  302/1285 : CD 20 32                   L17     CALL    3220H           ; L8
  303/1288 : 3E 07                              MVI     A,07H
  304/128A : CD 29 32                           CALL    3229H           ; L15
  305/128D : 3E 0B                              MVI     A,0BH
  306/128F : CD 29 32                           CALL    3229H           ; L15
  307/1292 : 00                                 NOP
  308/1293 : 3E 0A                              MVI     A,0AH
  309/1295 : CD 29 32                           CALL    3229H           ; L15
  310/1298 : 3E 06                              MVI     A,06H
  311/129A : CD 29 32                           CALL    3229H           ; L15
  312/129D : C9                                 RET
  313/129E : 3E 07                      L21     MVI     A,07H
  314/12A0 : CD 29 32                           CALL    3229H           ; L15
  315/12A3 : 3E 0D                              MVI     A,0DH
  316/12A5 : CD 29 32                           CALL    3229H           ; L15
  317/12A8 : C9                                 RET
  318/12A9 : 3E 0C                      L22     MVI     A,0CH
  319/12AB : CD 29 32                           CALL    3229H           ; L15
  320/12AE : 3E 06                              MVI     A,06H
  321/12B0 : CD 29 32                           CALL    3229H           ; L15
  322/12B3 : C9                                 RET
  323/12B4 : 32 1B 32                   L25     STA     321BH           ; L18+1
  324/12B7 : 32 21 32                           STA     3221H           ; L8+1
  325/12BA : 3C                                 INR     A
  326/12BB : 32 1E 32                           STA     321EH           ; L20+1
  327/12BE : 32 24 32                           STA     3224H           ; L9+1
  328/12C1 : 3C                                 INR     A
  329/12C2 : 32 27 32                           STA     3227H           ; L10+1
  330/12C5 : 3C                                 INR     A
  331/12C6 : 32 2A 32                           STA     322AH           ; L15+1
  332/12C9 : C9                                 RET
  333/12CA : CD 50 32                   L14     CALL    3250H           ; L19
  334/12CD : CD 2C 32                           CALL    322CH           ; L7
  335/12D0 : 3E 07                              MVI     A,07H
  336/12D2 : CD 4D 32                           CALL    324DH           ; L12
  337/12D5 : CD 61 32                   L33     CALL    3261H           ; L13
  338/12D8 : E6 C0                              ANI     0C0H
  339/12DA : FE 40                              CPI     40H
  340/12DC : C2 CC 32                           JNZ     32CCH           ; L33
  341/12DF : CD 31 32                           CALL    3231H           ; L16
  342/12E2 : 2A 84 2C                           LHLD    VARS+4
  343/12E5 : 3E 03                              MVI     A,03H
  344/12E7 : CD 4D 32                           CALL    324DH           ; L12
  345/12EA : 7D                                 MOV     A,L
  346/12EB : CD 7C 32                           CALL    327CH           ; L17
  347/12EE : 3E 04                              MVI     A,04H
  348/12F0 : CD 4D 32                           CALL    324DH           ; L12
  349/12F3 : 7C                                 MOV     A,H
  350/12F4 : CD 7C 32                           CALL    327CH           ; L17
  351/12F7 : 3E 05                              MVI     A,05H
  352/12F9 : CD 4D 32                           CALL    324DH           ; L12
  353/12FC : 3A 86 2C                           LDA     VARS+6
  354/12FF : CD 7C 32                           CALL    327CH           ; L17
  355/1302 : 3E 02                              MVI     A,02H
 AS V1.42 Beta [Bld 269] - Source File bootcf89.asm - Page 7 - 2024-05-24 03:23:02 PM


  356/1304 : CD 4D 32                           CALL    324DH           ; L12
  357/1307 : 3A 87 2C                           LDA     VARS+7
  358/130A : CD 7C 32                           CALL    327CH           ; L17
  359/130D : 3E 07                              MVI     A,07H
  360/130F : CD 4D 32                           CALL    324DH           ; L12
  361/1312 : 3E 20                              MVI     A,20H
  362/1314 : CD 7C 32                           CALL    327CH           ; L17
  363/1317 : CD 2C 32                           CALL    322CH           ; L7
  364/131A : 3E 07                              MVI     A,07H
  365/131C : CD 4D 32                           CALL    324DH           ; L12
  366/131F : CD 61 32                   L34     CALL    3261H           ; L14
  367/1322 : E6 88                              ANI     88H
  368/1324 : FE 08                              CPI     08H
  369/1326 : C2 16 33                           JNZ     3316H           ; L34
  370/1329 : 0E 80                              MVI     C,80H
  371/132B : 3A 80 2C                           LDA     VARS
  372/132E : A7                                 ANA     A
  373/132F : CA 2B 33                           JZ      332BH           ; L40
  374/1332 : 0E 00                              MVI     C,00H
  375/1334 : 3E 00                      L40     MVI     A,00H
  376/1336 : CD 4D 32                           CALL    324DH           ; L12
  377/1339 : 3E 07                      L35     MVI     A,07H
  378/133B : CD 29 32                           CALL    3229H           ; L15
  379/133E : 3E 0D                              MVI     A,0DH
  380/1340 : CD 29 32                           CALL    3229H           ; L15
  381/1343 : CD 1A 32                           CALL    321AH           ; L18
  382/1346 : 12                                 STAX    D
  383/1347 : 13                                 INX     D
  384/1348 : CD 1D 32                           CALL    321DH           ; L20
  385/134B : 12                                 STAX    D
  386/134C : 13                                 INX     D
  387/134D : 3E 0C                              MVI     A,0CH
  388/134F : CD 29 32                           CALL    3229H           ; L15
  389/1352 : 3E 06                              MVI     A,06H
  390/1354 : CD 29 32                           CALL    3229H           ; L15
  391/1357 : 0D                                 DCR     C
  392/1358 : C2 30 33                           JNZ     3330H           ; L35
  393/135B : 3A 80 2C                           LDA     VARS
  394/135E : A7                                 ANA     A
  395/135F : C2 65 33                           JNZ     3365H           ; L36
  396/1362 : 0E 80                              MVI     C,80H
  397/1364 : CD 95 32                   L24     CALL    3295H           ; L21
  398/1367 : CD A0 32                           CALL    32A0H           ; L22
  399/136A : 0D                                 DCR     C
  400/136B : C2 5B 33                           JNZ     335BH           ; L24
  401/136E : 3E 07                      L36     MVI     A,07H
  402/1370 : CD 4D 32                           CALL    324DH           ; L12
  403/1373 : CD 61 32                   L23     CALL    3261H           ; L13
  404/1376 : E6 C0                              ANI     0C0H
  405/1378 : FE 40                              CPI     40H
  406/137A : C2 6A 33                           JNZ     336AH           ; L23
  407/137D : AF                                 XRA     A
  408/137E : C9                                 RET
  409/137F : 4E 36 59 50 43                     DB      4EH,36H,59H,50H,43H
  410/1384 :                            
  411/1384 : 00 00 00 00 00 00 00 00 00         DB      1800H-$ DUP 0   ; Fill rest of ROM with zeroes
      138D : 00 00 00 00 00 00 00 00 00
      1396 : 00 00 00 00 00 00 00 00 00
      139F : 00 00 00 00 00 00 00 00 00
      13A8 : 00 00 00 00 00 00 00 00 00
 AS V1.42 Beta [Bld 269] - Source File bootcf89.asm - Page 8 - 2024-05-24 03:23:02 PM


      13B1 : 00 00 00 00 00 00 00 00 00
      13BA : 00 00 00 00 00 00 00 00 00
      13C3 : 00 00 00 00 00 00 00 00 00
      13CC : 00 00 00 00 00 00 00 00 00
      13D5 : 00 00 00 00 00 00 00 00 00
      13DE : 00 00 00 00 00 00 00 00 00
      13E7 : 00 00 00 00 00 00 00 00 00
      13F0 : 00 00 00 00 00 00 00 00 00
      13F9 : 00 00 00 00 00 00 00 00 00
      1402 : 00 00 00 00 00 00 00 00 00
      140B : 00 00 00 00 00 00 00 00 00
      1414 : 00 00 00 00 00 00 00 00 00
      141D : 00 00 00 00 00 00 00 00 00
      1426 : 00 00 00 00 00 00 00 00 00
      142F : 00 00 00 00 00 00 00 00 00
      1438 : 00 00 00 00 00 00 00 00 00
      1441 : 00 00 00 00 00 00 00 00 00
      144A : 00 00 00 00 00 00 00 00 00
      1453 : 00 00 00 00 00 00 00 00 00
      145C : 00 00 00 00 00 00 00 00 00
      1465 : 00 00 00 00 00 00 00 00 00
      146E : 00 00 00 00 00 00 00 00 00
      1477 : 00 00 00 00 00 00 00 00 00
      1480 : 00 00 00 00 00 00 00 00 00
      1489 : 00 00 00 00 00 00 00 00 00
      1492 : 00 00 00 00 00 00 00 00 00
      149B : 00 00 00 00 00 00 00 00 00
      14A4 : 00 00 00 00 00 00 00 00 00
      14AD : 00 00 00 00 00 00 00 00 00
      14B6 : 00 00 00 00 00 00 00 00 00
      14BF : 00 00 00 00 00 00 00 00 00
      14C8 : 00 00 00 00 00 00 00 00 00
      14D1 : 00 00 00 00 00 00 00 00 00
      14DA : 00 00 00 00 00 00 00 00 00
      14E3 : 00 00 00 00 00 00 00 00 00
      14EC : 00 00 00 00 00 00 00 00 00
      14F5 : 00 00 00 00 00 00 00 00 00
      14FE : 00 00 00 00 00 00 00 00 00
      1507 : 00 00 00 00 00 00 00 00 00
      1510 : 00 00 00 00 00 00 00 00 00
      1519 : 00 00 00 00 00 00 00 00 00
      1522 : 00 00 00 00 00 00 00 00 00
      152B : 00 00 00 00 00 00 00 00 00
      1534 : 00 00 00 00 00 00 00 00 00
      153D : 00 00 00 00 00 00 00 00 00
      1546 : 00 00 00 00 00 00 00 00 00
      154F : 00 00 00 00 00 00 00 00 00
      1558 : 00 00 00 00 00 00 00 00 00
      1561 : 00 00 00 00 00 00 00 00 00
      156A : 00 00 00 00 00 00 00 00 00
      1573 : 00 00 00 00 00 00 00 00 00
      157C : 00 00 00 00 00 00 00 00 00
      1585 : 00 00 00 00 00 00 00 00 00
      158E : 00 00 00 00 00 00 00 00 00
      1597 : 00 00 00 00 00 00 00 00 00
      15A0 : 00 00 00 00 00 00 00 00 00
      15A9 : 00 00 00 00 00 00 00 00 00
      15B2 : 00 00 00 00 00 00 00 00 00
      15BB : 00 00 00 00 00 00 00 00 00
      15C4 : 00 00 00 00 00 00 00 00 00
 AS V1.42 Beta [Bld 269] - Source File bootcf89.asm - Page 9 - 2024-05-24 03:23:02 PM


      15CD : 00 00 00 00 00 00 00 00 00
      15D6 : 00 00 00 00 00 00 00 00 00
      15DF : 00 00 00 00 00 00 00 00 00
      15E8 : 00 00 00 00 00 00 00 00 00
      15F1 : 00 00 00 00 00 00 00 00 00
      15FA : 00 00 00 00 00 00 00 00 00
      1603 : 00 00 00 00 00 00 00 00 00
      160C : 00 00 00 00 00 00 00 00 00
      1615 : 00 00 00 00 00 00 00 00 00
      161E : 00 00 00 00 00 00 00 00 00
      1627 : 00 00 00 00 00 00 00 00 00
      1630 : 00 00 00 00 00 00 00 00 00
      1639 : 00 00 00 00 00 00 00 00 00
      1642 : 00 00 00 00 00 00 00 00 00
      164B : 00 00 00 00 00 00 00 00 00
      1654 : 00 00 00 00 00 00 00 00 00
      165D : 00 00 00 00 00 00 00 00 00
      1666 : 00 00 00 00 00 00 00 00 00
      166F : 00 00 00 00 00 00 00 00 00
      1678 : 00 00 00 00 00 00 00 00 00
      1681 : 00 00 00 00 00 00 00 00 00
      168A : 00 00 00 00 00 00 00 00 00
      1693 : 00 00 00 00 00 00 00 00 00
      169C : 00 00 00 00 00 00 00 00 00
      16A5 : 00 00 00 00 00 00 00 00 00
      16AE : 00 00 00 00 00 00 00 00 00
      16B7 : 00 00 00 00 00 00 00 00 00
      16C0 : 00 00 00 00 00 00 00 00 00
      16C9 : 00 00 00 00 00 00 00 00 00
      16D2 : 00 00 00 00 00 00 00 00 00
      16DB : 00 00 00 00 00 00 00 00 00
      16E4 : 00 00 00 00 00 00 00 00 00
      16ED : 00 00 00 00 00 00 00 00 00
      16F6 : 00 00 00 00 00 00 00 00 00
      16FF : 00 00 00 00 00 00 00 00 00
      1708 : 00 00 00 00 00 00 00 00 00
      1711 : 00 00 00 00 00 00 00 00 00
      171A : 00 00 00 00 00 00 00 00 00
      1723 : 00 00 00 00 00 00 00 00 00
      172C : 00 00 00 00 00 00 00 00 00
      1735 : 00 00 00 00 00 00 00 00 00
      173E : 00 00 00 00 00 00 00 00 00
      1747 : 00 00 00 00 00 00 00 00 00
      1750 : 00 00 00 00 00 00 00 00 00
      1759 : 00 00 00 00 00 00 00 00 00
      1762 : 00 00 00 00 00 00 00 00 00
      176B : 00 00 00 00 00 00 00 00 00
      1774 : 00 00 00 00 00 00 00 00 00
      177D : 00 00 00 00 00 00 00 00 00
      1786 : 00 00 00 00 00 00 00 00 00
      178F : 00 00 00 00 00 00 00 00 00
      1798 : 00 00 00 00 00 00 00 00 00
      17A1 : 00 00 00 00 00 00 00 00 00
      17AA : 00 00 00 00 00 00 00 00 00
      17B3 : 00 00 00 00 00 00 00 00 00
      17BC : 00 00 00 00 00 00 00 00 00
      17C5 : 00 00 00 00 00 00 00 00 00
      17CE : 00 00 00 00 00 00 00 00 00
      17D7 : 00 00 00 00 00 00 00 00 00
      17E0 : 00 00 00 00 00 00 00 00 00
 AS V1.42 Beta [Bld 269] - Source File bootcf89.asm - Page 10 - 2024-05-24 03:23:02 PM


      17E9 : 00 00 00 00 00 00 00 00 00
      17F2 : 00 00 00 00 00 00 00 00 00
      17FB : 00 00 00 00 00            
  412/1800 :                            
 AS V1.42 Beta [Bld 269] - Source File bootcf89.asm - Page 11 - 2024-05-24 03:23:02 PM


  Symbol Table (* = unused):
  --------------------------

*ARCHITECTURE :                                      "x86_64-unknown-linux" - |
 BELL :                           7 - | *CASESENSITIVE :                  0 - |
*CONSTPI :        3.141592653589793 - |  CR :                            0D - |
 DATA :                        2036 - | *DATE :                "2024-05-24" - |
 DMOVE :                       18AA - |  DZERO :                       198A - |
*FALSE :                          0 - | *HAS64 :                          1 - |
 IOA :                          640 - |  L1 :                          1033 C |
*L10 :                         122F C | *L11 :                         123F C |
*L12 :                         1256 C | *L13 :                         126A C |
*L14 :                         12CA C | *L15 :                         1232 C |
*L16 :                         123A C | *L17 :                         1285 C |
*L18 :                         1223 C | *L19 :                         1259 C |
 L2 :                          103D C | *L20 :                         1226 C |
*L21 :                         129E C | *L22 :                         12A9 C |
*L23 :                         1373 C | *L24 :                         1364 C |
*L25 :                         12B4 C | *L26 :                         1127 C |
*L27 :                         1161 C | *L28 :                         113F C |
*L29 :                         1187 C |  L3 :                          1027 C |
*L30 :                         11C6 C | *L31 :                         1246 C |
*L32 :                         1251 C | *L33 :                         12D5 C |
*L34 :                         131F C | *L35 :                         1339 C |
*L36 :                         136E C | *L37 :                         10D3 C |
*L38 :                         1117 C | *L39 :                         115E C |
 L4 :                          1069 C | *L40 :                         1334 C |
*L41 :                         11F4 C |  L5 :                          109B C |
 L6 :                          108A C | *L7 :                          1235 C |
*L8 :                          1229 C | *L9 :                          122C C |
 LF :                            0A - | *LISTON :                         1 - |
*MACEXP :                         7 - | *MOMCPU :                      8080 - |
*MOMCPUNAME :                "8080" - |  MSG1 :                        1045 C |
*NESTMAX :                      100 - |  RCC :                          3B2 - |
*RELAXED :                        0 - | *TIME :               "03:23:02 PM" - |
*TRUE :                           1 - |  VARS :                        2C80 - |
*VERSION :                     142F - |  WCC :                          3C2 - |
*Z80SYNTAX :                      0 - |

     68 symbols
     51 unused symbols

 AS V1.42 Beta [Bld 269] - Source File bootcf89.asm - Page 12 - 2024-05-24 03:23:02 PM


  Code Pages:
  ----------

STANDARD (0 changed characters)

1 code page

0.00 seconds assembly time

    412 lines source file
      2 passes
      0 errors
      0 warnings
